# Baseline do INV-9 - views SEM `security_invoker` efetivo nos schemas do app.
#
# REGRA: esta lista e DIVIDA CONHECIDA. O CI (INV-9) falha se aparecer view SEM a
# flag que NAO esteja aqui. A lista so encurta. Baseline VAZIA e estado VALIDO
# (zero excecoes conhecidas) - e o caso hoje.
#
# ESTADO MEDIDO EM 28/09/2026 (catalogo vivo, nao suposicao):
#   `zapp`: 258 views, 258 COM a opcao `security_invoker` (257 gravadas como
#   `=true` e 1 como `=on`). SEM a opcao: 0.
#   Escopo do INV-9 (public+zapp+evo+prospeccao): 730 views, 0 sem a opcao.
#
# POR QUE A LISTA ESTA VAZIA (o que mudou aqui)
#   A versao anterior listava `evolution_instances_public` como "view SEM a flag,
#   mantida por decisao do dono". MEDICAO POSTERIOR MOSTROU QUE ISSO ESTAVA
#   ERRADO: ela TEM a opcao - gravada como `security_invoker=on`, forma que o
#   PostgreSQL usa quando o DDL original diz `WITH (security_invoker='on')`. O
#   predicado do check so reconhecia `=true`, entao (a) classificava essa view
#   como ofensora e (b) gerava 25 falsos positivos no escopo. Pior: a entrada
#   estava escrita como nome NU (`evolution_instances_public`), enquanto o check
#   compara qualificado (`zapp.evolution_instances_public`) - nao perdoava nada,
#   era ruido. Corrigido o predicado, nao ha mais o que listar.
#
# DIVIDA VIVA (NAO e entrada de ratchet - leia antes de acrescentar nome aqui)
#   25 views TEM a flag e ainda assim respondem `permission denied` ao usuario
#   logado: a tabela-base vive em `evo` (fronteira de infra deste repo, protegida
#   pelo E42 para DDL), e `cron.job` (pg_cron) ou e tabela de credencial. Elas NAO
#   entram nesta lista: o assunto do ratchet e "view SEM a flag" e o check nunca
#   casaria esses nomes. Falham FECHADO e tem ZERO consumidor medido em `src/` e
#   `supabase/functions/`. Nesta instancia (PG 15.8) a flag NAO e removivel:
#   `SET (security_invoker = false)` e `RESET` nao alteram `reloptions`.
#
#   As 25: evolution_alert_cooldown, evolution_backfill_audit,
#   evolution_bootstrap_log, evolution_guardian_heartbeat, evolution_instances,
#   evolution_pipeline_health_log, evolution_pipeline_history,
#   evolution_reconcile_jobs, evolution_retention_log,
#   evolution_webhook_events_v2_2026_08 .. _2027_06 e _default,
#   v_connection_drift_score, v_perf_dashboard, v_system_scorecard, vw_system_health.
#   (v_perf_dashboard e vw_system_health nao estavam documentadas antes.)
#
# QUITADAS (28/09/2026): `zapp_dash_daily`, `zapp_dash_heatmap`, `zapp_dash_overview`,
#   `zapp_dash_top_contacts` e `zapp_inbox_threads` liam `evo.active_messages` e agora
#   leem `zapp.evolution_messages` + `zapp.evolution_contacts`
#   (20260928210000_ops_views_fonte_nossa); `v_cookie_health` passou a ler funcao nossa
#   SECURITY DEFINER com colunas escolhidas e `last_probe_preview` NULL, sem abrir a
#   tabela de probes (20260928220000_v_cookie_health_funcao).
# ---------------------------------------------------------------------------
# (sem entradas)
