# Baseline do INV-9 — views SEM `security_invoker` nos schemas do app.
#
# Regra: esta lista é DÍVIDA CONHECIDA. O CI (INV-9) falha se aparecer view sem
# a flag que NÃO esteja aqui. A lista só encurta — corrigir uma exceção não
# obriga a mexer nela, mas esquecer a flag numa view nova quebra o build.
#
# Estado em 28/09/2026 (medido, depois das migrations 20260928180000 e
# 20260928172940): 258 views em `zapp`, 228 com a flag, 30 sem.
#
# POR QUE ESTAS 30 PERMANECEM (todas com o mesmo motivo):
#   a tabela-base NÃO concede SELECT a `authenticated`. Ligar a flag as torna
#   ILEGÍVEIS para o usuário logado — o que é "falhar fechado" e é aceitável,
#   MAS esta instância (PG 15.8) NÃO permite mais desligar a flag depois
#   (medido: `SET (security_invoker = false)` e `RESET (security_invoker)` não
#   alteram `reloptions`). Sem poder reverter, não se aplica a flag em lote.
#
# Das 30: 29 já receberam a flag durante o hardening e hoje respondem
# `permission denied` (falham fechado, zero consumidores medida em `src/` e em
# `supabase/functions/`); elas seguem aqui porque o baseline é a lista de
# exceções toleradas. 1 (`zapp.evolution_instances_public`) nunca recebeu a flag
# por decisão do dono do projeto — exposição pública é decisão dele.
#
# TODO(governança): decidir por view entre (a) conceder SELECT na base com
# política de RLS que faça sentido, ou (b) dropar/redefinir a view sem a flag.
# Ambas são mudanças de dado/estrutura e por isso não foram feitas em lote.
evolution_alert_cooldown
evolution_backfill_audit
evolution_bootstrap_log
evolution_guardian_heartbeat
evolution_instances
evolution_instances_public
evolution_pipeline_health_log
evolution_pipeline_history
evolution_reconcile_jobs
evolution_retention_log
evolution_webhook_events_v2_2026_08
evolution_webhook_events_v2_2026_09
evolution_webhook_events_v2_2026_10
evolution_webhook_events_v2_2026_11
evolution_webhook_events_v2_2026_12
evolution_webhook_events_v2_2027_01
evolution_webhook_events_v2_2027_02
evolution_webhook_events_v2_2027_03
evolution_webhook_events_v2_2027_04
evolution_webhook_events_v2_2027_05
evolution_webhook_events_v2_2027_06
evolution_webhook_events_v2_default
v_connection_drift_score
v_cookie_health
v_system_scorecard
zapp_dash_daily
zapp_dash_heatmap
zapp_dash_overview
zapp_dash_top_contacts
zapp_inbox_threads
